// Jest Snapshot v1, https://goo.gl/fbAQLP

exports[`renders correctly 1`] = `
<View
  accessible={true}
  collapsable={false}
  focusable={true}
  nativeID="animatedComponent"
  onClick={[Function]}
  onResponderGrant={[Function]}
  onResponderMove={[Function]}
  onResponderRelease={[Function]}
  onResponderTerminate={[Function]}
  onResponderTerminationRequest={[Function]}
  onStartShouldSetResponder={[Function]}
  style={
    Object {
      "backgroundColor": "#f8f8f8",
      "borderBottomWidth": 1,
      "borderColor": "#eee",
      "fontSize": 16,
      "justifyContent": "center",
      "opacity": 1,
      "padding": 10,
    }
  }
  testID="touchable-opacity"
>
  <View
    style={
      Object {
        "alignItems": "center",
        "flexDirection": "row",
        "justifyContent": "space-between",
      }
    }
  >
    <Text
      style={
        Object {
          "width": 130,
        }
      }
      testID="name"
    >
      Bitcoin
    </Text>
    <Text
      style={
        Object {
          "width": 100,
        }
      }
      testID="price"
    >
      $48734.99
    </Text>
    <Text
      style={
        Object {
          "color": "green",
          "textAlign": "right",
          "width": 75,
        }
      }
      testID="percent"
    >
      4.91
      %
    </Text>
    <Text
      allowFontScaling={false}
      onPress={[Function]}
      style={
        Array [
          Object {
            "color": undefined,
            "fontSize": 12,
          },
          Object {
            "color": "#d3d3d3",
            "fontSize": 24,
          },
          Object {
            "fontFamily": "FontAwesome",
            "fontStyle": "normal",
            "fontWeight": "normal",
          },
          Object {},
        ]
      }
      testID="icon-star"
    >
      ï€…
    </Text>
  </View>
</View>
`;
